Couldn't process https://www.spaceweatherlive.com/en/solar-activity/region/8149.html
Couldn't process https://www.spaceweatherlive.com/en/solar-activity/region/8368.html
Couldn't process https://www.spaceweatherlive.com/en/solar-activity/region/8376.html
Couldn't process https://www.spaceweatherlive.com/en/solar-activity/region/9274.html
Couldn't process https://www.spaceweatherlive.com/en/solar-activity/region/9409.html
Couldn't process https://www.spaceweatherlive.com/en/solar-activity/region/10679.html
Couldn't process https://www.spaceweatherlive.com/en/solar-activity/region/11160.html
Couldn't process https://www.spaceweatherlive.com/en/solar-activity/region/11171.html
Couldn't process https://www.spaceweatherlive.com/en/solar-activity/region/12623.html
Couldn't process https://www.spaceweatherlive.com/en/solar-activity/region/12705.html
Couldn't process https://www.spaceweatherlive.com/en/solar-activity/region/12746.html
Couldn't process https://www.spaceweatherlive.com/en/solar-activity/region/12752.html
Couldn't process https://www.spaceweatherlive.com/en/solar-activity/region/8149.html
Couldn't process https://www.spaceweatherlive.com/en/solar-activity/region/8368.html
Couldn't process https://www.spaceweatherlive.com/en/solar-activity/region/8376.html
Couldn't process https://www.spaceweatherlive.com/en/solar-activity/region/9274.html
Couldn't process https://www.spaceweatherlive.com/en/solar-activity/region/9409.html
Couldn't process https://www.spaceweatherlive.com/en/solar-activity/region/10679.html
Couldn't process https://www.spaceweatherlive.com/en/solar-activity/region/11160.html
Couldn't process https://www.spaceweatherlive.com/en/solar-activity/region/11171.html
Couldn't process https://www.spaceweatherlive.com/en/solar-activity/region/12623.html
Couldn't process https://www.spaceweatherlive.com/en/solar-activity/region/12705.html
Couldn't process https://www.spaceweatherlive.com/en/solar-activity/region/12746.html
Couldn't process https://www.spaceweatherlive.com/en/solar-activity/region/12752.html
